127.0.0.1 - - [10/Jul/2017:19:35:18 -0400] "GET / HTTP/1.1" 404 994
0:0:0:0:0:0:0:1 - - [10/Jul/2017:19:35:25 -0400] "GET /ad/ HTTP/1.1" 200 247
0:0:0:0:0:0:0:1 - - [10/Jul/2017:19:35:28 -0400] "GET /ad/webapi/myresource HTTP/1.1" 200 7
0:0:0:0:0:0:0:1 - - [10/Jul/2017:20:09:00 -0400] "GET /ad/webapi/myresource HTTP/1.1" 200 7
0:0:0:0:0:0:0:1 - - [10/Jul/2017:20:18:42 -0400] "GET /ad/webapi/ad HTTP/1.1" 404 1010
0:0:0:0:0:0:0:1 - - [10/Jul/2017:20:18:42 -0400] "GET /favicon.ico HTTP/1.1" 404 1016
127.0.0.1 - - [10/Jul/2017:20:19:02 -0400] "GET / HTTP/1.1" 404 994
0:0:0:0:0:0:0:1 - - [10/Jul/2017:20:19:03 -0400] "GET /ad/ HTTP/1.1" 200 133
0:0:0:0:0:0:0:1 - - [10/Jul/2017:20:19:07 -0400] "GET /ad/webapi/ad HTTP/1.1" 200 15
0:0:0:0:0:0:0:1 - - [10/Jul/2017:20:21:07 -0400] "GET /ad/webapi/ad HTTP/1.1" 200 15
0:0:0:0:0:0:0:1 - - [10/Jul/2017:20:21:10 -0400] "GET /ad/webapi/ad HTTP/1.1" 200 15
0:0:0:0:0:0:0:1 - - [10/Jul/2017:20:21:12 -0400] "GET /ad/webapi/ad HTTP/1.1" 200 15
0:0:0:0:0:0:0:1 - - [10/Jul/2017:20:21:14 -0400] "GET /ad/webapi/ad HTTP/1.1" 200 15
0:0:0:0:0:0:0:1 - - [10/Jul/2017:20:21:14 -0400] "GET /ad/webapi/ad HTTP/1.1" 200 15
127.0.0.1 - - [10/Jul/2017:20:22:01 -0400] "GET / HTTP/1.1" 404 994
0:0:0:0:0:0:0:1 - - [10/Jul/2017:20:22:03 -0400] "GET /ad/webapi/ad HTTP/1.1" 500 5184
127.0.0.1 - - [10/Jul/2017:20:22:41 -0400] "GET / HTTP/1.1" 404 994
0:0:0:0:0:0:0:1 - - [10/Jul/2017:20:22:43 -0400] "GET /ad/webapi/ad HTTP/1.1" 200 17
0:0:0:0:0:0:0:1 - - [10/Jul/2017:20:24:25 -0400] "GET /ad/webapi/ad HTTP/1.1" 200 17
0:0:0:0:0:0:0:1 - - [10/Jul/2017:20:24:26 -0400] "GET /ad/webapi/ad HTTP/1.1" 200 17
127.0.0.1 - - [10/Jul/2017:20:25:21 -0400] "GET / HTTP/1.1" 404 994
0:0:0:0:0:0:0:1 - - [10/Jul/2017:20:25:23 -0400] "GET /ad/webapi/ad HTTP/1.1" 200 17
127.0.0.1 - - [10/Jul/2017:20:26:44 -0400] "GET / HTTP/1.1" 404 994
0:0:0:0:0:0:0:1 - - [10/Jul/2017:20:26:47 -0400] "GET /ad/webapi/ad HTTP/1.1" 200 17
0:0:0:0:0:0:0:1 - - [10/Jul/2017:20:26:55 -0400] "GET /ad/webapi/ad HTTP/1.1" 200 17
0:0:0:0:0:0:0:1 - - [10/Jul/2017:20:27:01 -0400] "GET /ad/ad HTTP/1.1" 404 1004
0:0:0:0:0:0:0:1 - - [10/Jul/2017:20:27:06 -0400] "GET /ad/ HTTP/1.1" 200 133
127.0.0.1 - - [10/Jul/2017:20:33:02 -0400] "GET / HTTP/1.1" 404 994
0:0:0:0:0:0:0:1 - - [10/Jul/2017:20:33:12 -0400] "GET /rest/ HTTP/1.1" 404 1004
0:0:0:0:0:0:0:1 - - [10/Jul/2017:20:33:14 -0400] "GET /rest/ad HTTP/1.1" 404 1008
127.0.0.1 - - [10/Jul/2017:20:33:36 -0400] "GET / HTTP/1.1" 404 994
0:0:0:0:0:0:0:1 - - [10/Jul/2017:20:33:36 -0400] "GET /rest/ad HTTP/1.1" 404 1008
0:0:0:0:0:0:0:1 - - [10/Jul/2017:20:33:37 -0400] "GET /rest/ad HTTP/1.1" 404 1008
127.0.0.1 - - [10/Jul/2017:20:33:56 -0400] "GET / HTTP/1.1" 404 994
0:0:0:0:0:0:0:1 - - [10/Jul/2017:20:34:01 -0400] "GET /webapi/ad HTTP/1.1" 404 1012
0:0:0:0:0:0:0:1 - - [10/Jul/2017:20:34:08 -0400] "GET /ad/webapi/ad HTTP/1.1" 200 17
127.0.0.1 - - [10/Jul/2017:20:34:17 -0400] "GET / HTTP/1.1" 404 994
0:0:0:0:0:0:0:1 - - [10/Jul/2017:20:34:18 -0400] "GET /ad/rest/ad HTTP/1.1" 200 17
127.0.0.1 - - [10/Jul/2017:20:34:46 -0400] "GET / HTTP/1.1" 404 994
0:0:0:0:0:0:0:1 - - [10/Jul/2017:20:34:46 -0400] "GET /ad/ad HTTP/1.1" 200 17
127.0.0.1 - - [10/Jul/2017:20:36:33 -0400] "GET / HTTP/1.1" 404 994
0:0:0:0:0:0:0:1 - - [10/Jul/2017:20:36:37 -0400] "GET /ad/ad HTTP/1.1" 404 1004
0:0:0:0:0:0:0:1 - - [10/Jul/2017:20:36:39 -0400] "GET /ad HTTP/1.1" 302 -
0:0:0:0:0:0:0:1 - - [10/Jul/2017:20:36:39 -0400] "GET /ad/ HTTP/1.1" 404 1010
127.0.0.1 - - [10/Jul/2017:20:39:16 -0400] "GET / HTTP/1.1" 404 994
0:0:0:0:0:0:0:1 - - [10/Jul/2017:20:39:19 -0400] "GET /ad HTTP/1.1" 302 -
0:0:0:0:0:0:0:1 - - [10/Jul/2017:20:39:19 -0400] "GET /ad/ HTTP/1.1" 404 1000
127.0.0.1 - - [10/Jul/2017:20:40:33 -0400] "GET / HTTP/1.1" 404 994
0:0:0:0:0:0:0:1 - - [10/Jul/2017:20:40:36 -0400] "GET /ad HTTP/1.1" 302 -
0:0:0:0:0:0:0:1 - - [10/Jul/2017:20:40:36 -0400] "GET /ad/ HTTP/1.1" 404 1000
127.0.0.1 - - [10/Jul/2017:20:41:44 -0400] "GET / HTTP/1.1" 404 994
0:0:0:0:0:0:0:1 - - [10/Jul/2017:20:41:46 -0400] "GET /ad HTTP/1.1" 302 -
0:0:0:0:0:0:0:1 - - [10/Jul/2017:20:41:46 -0400] "GET /ad/ HTTP/1.1" 404 1010
127.0.0.1 - - [10/Jul/2017:20:44:10 -0400] "GET / HTTP/1.1" 404 994
0:0:0:0:0:0:0:1 - - [10/Jul/2017:20:44:24 -0400] "GET /ad HTTP/1.1" 302 -
0:0:0:0:0:0:0:1 - - [10/Jul/2017:20:44:24 -0400] "GET /ad/ HTTP/1.1" 404 1000
127.0.0.1 - - [10/Jul/2017:20:44:37 -0400] "GET / HTTP/1.1" 404 994
0:0:0:0:0:0:0:1 - - [10/Jul/2017:20:44:38 -0400] "GET /ad HTTP/1.1" 302 -
0:0:0:0:0:0:0:1 - - [10/Jul/2017:20:44:38 -0400] "GET /ad/ HTTP/1.1" 404 1000
0:0:0:0:0:0:0:1 - - [10/Jul/2017:20:44:53 -0400] "GET /ad/ HTTP/1.1" 404 1000
0:0:0:0:0:0:0:1 - - [10/Jul/2017:20:45:15 -0400] "GET /ad/ HTTP/1.1" 404 1000
127.0.0.1 - - [10/Jul/2017:20:50:31 -0400] "GET / HTTP/1.1" 404 994
0:0:0:0:0:0:0:1 - - [10/Jul/2017:20:50:33 -0400] "GET /ad HTTP/1.1" 302 -
0:0:0:0:0:0:0:1 - - [10/Jul/2017:20:50:33 -0400] "GET /ad/ HTTP/1.1" 404 1010
127.0.0.1 - - [10/Jul/2017:20:51:00 -0400] "GET / HTTP/1.1" 404 994
0:0:0:0:0:0:0:1 - - [10/Jul/2017:20:51:02 -0400] "GET /add HTTP/1.1" 404 1000
127.0.0.1 - - [10/Jul/2017:20:51:15 -0400] "GET / HTTP/1.1" 404 994
0:0:0:0:0:0:0:1 - - [10/Jul/2017:20:51:16 -0400] "GET /add HTTP/1.1" 404 1000
0:0:0:0:0:0:0:1 - - [10/Jul/2017:20:51:30 -0400] "POST /add HTTP/1.1" 404 1000
0:0:0:0:0:0:0:1 - - [10/Jul/2017:20:52:27 -0400] "GET /add HTTP/1.1" 404 1000
127.0.0.1 - - [10/Jul/2017:20:52:27 -0400] "GET / HTTP/1.1" 404 994
0:0:0:0:0:0:0:1 - - [10/Jul/2017:20:52:28 -0400] "GET /add HTTP/1.1" 404 1000
0:0:0:0:0:0:0:1 - - [10/Jul/2017:20:52:29 -0400] "GET /add HTTP/1.1" 404 1000
127.0.0.1 - - [10/Jul/2017:20:53:13 -0400] "GET / HTTP/1.1" 404 994
0:0:0:0:0:0:0:1 - - [10/Jul/2017:20:53:15 -0400] "GET /ad HTTP/1.1" 302 -
0:0:0:0:0:0:0:1 - - [10/Jul/2017:20:53:15 -0400] "GET /ad/ HTTP/1.1" 200 133
0:0:0:0:0:0:0:1 - - [10/Jul/2017:20:53:20 -0400] "GET /ad HTTP/1.1" 302 -
0:0:0:0:0:0:0:1 - - [10/Jul/2017:20:53:20 -0400] "GET /ad/ HTTP/1.1" 200 133
0:0:0:0:0:0:0:1 - - [10/Jul/2017:20:53:23 -0400] "GET / HTTP/1.1" 404 994
0:0:0:0:0:0:0:1 - - [10/Jul/2017:20:53:26 -0400] "GET /ad HTTP/1.1" 302 -
0:0:0:0:0:0:0:1 - - [10/Jul/2017:20:53:26 -0400] "GET /ad/ HTTP/1.1" 200 133
0:0:0:0:0:0:0:1 - - [10/Jul/2017:20:53:40 -0400] "GET /ad/add HTTP/1.1" 404 1010
0:0:0:0:0:0:0:1 - - [10/Jul/2017:20:53:42 -0400] "GET /ad/ad HTTP/1.1" 404 1010
0:0:0:0:0:0:0:1 - - [10/Jul/2017:20:53:45 -0400] "GET /add HTTP/1.1" 404 1000
127.0.0.1 - - [10/Jul/2017:20:54:23 -0400] "GET / HTTP/1.1" 404 994
0:0:0:0:0:0:0:1 - - [10/Jul/2017:20:54:25 -0400] "GET /add HTTP/1.1" 404 1000
0:0:0:0:0:0:0:1 - - [10/Jul/2017:20:54:28 -0400] "GET /ad HTTP/1.1" 302 -
0:0:0:0:0:0:0:1 - - [10/Jul/2017:20:54:28 -0400] "GET /ad/ HTTP/1.1" 200 133
127.0.0.1 - - [10/Jul/2017:20:55:20 -0400] "GET / HTTP/1.1" 404 994
0:0:0:0:0:0:0:1 - - [10/Jul/2017:20:55:23 -0400] "GET /ad HTTP/1.1" 302 -
0:0:0:0:0:0:0:1 - - [10/Jul/2017:20:55:23 -0400] "GET /ad/ HTTP/1.1" 404 1010
0:0:0:0:0:0:0:1 - - [10/Jul/2017:20:55:25 -0400] "GET /add HTTP/1.1" 404 1000
127.0.0.1 - - [10/Jul/2017:20:55:36 -0400] "GET / HTTP/1.1" 404 994
0:0:0:0:0:0:0:1 - - [10/Jul/2017:20:55:37 -0400] "GET /add HTTP/1.1" 404 1000
0:0:0:0:0:0:0:1 - - [10/Jul/2017:20:55:38 -0400] "GET /add HTTP/1.1" 404 1000
0:0:0:0:0:0:0:1 - - [10/Jul/2017:20:55:39 -0400] "GET /add HTTP/1.1" 404 1000
0:0:0:0:0:0:0:1 - - [10/Jul/2017:20:55:39 -0400] "GET /add HTTP/1.1" 404 1000
0:0:0:0:0:0:0:1 - - [10/Jul/2017:20:55:39 -0400] "GET /add HTTP/1.1" 404 1000
0:0:0:0:0:0:0:1 - - [10/Jul/2017:20:55:42 -0400] "GET /ad HTTP/1.1" 302 -
0:0:0:0:0:0:0:1 - - [10/Jul/2017:20:55:42 -0400] "GET /ad/ HTTP/1.1" 404 1010
0:0:0:0:0:0:0:1 - - [10/Jul/2017:20:55:47 -0400] "GET /ad HTTP/1.1" 302 -
0:0:0:0:0:0:0:1 - - [10/Jul/2017:20:55:47 -0400] "GET /ad/ HTTP/1.1" 404 1010
127.0.0.1 - - [10/Jul/2017:20:56:16 -0400] "GET / HTTP/1.1" 404 994
0:0:0:0:0:0:0:1 - - [10/Jul/2017:20:56:17 -0400] "GET /ad HTTP/1.1" 302 -
0:0:0:0:0:0:0:1 - - [10/Jul/2017:20:56:17 -0400] "GET /ad/ HTTP/1.1" 200 133
0:0:0:0:0:0:0:1 - - [10/Jul/2017:20:56:31 -0400] "GET /ad HTTP/1.1" 302 -
127.0.0.1 - - [10/Jul/2017:20:56:31 -0400] "GET / HTTP/1.1" 404 994
0:0:0:0:0:0:0:1 - - [10/Jul/2017:20:56:32 -0400] "GET /ad/ HTTP/1.1" 404 1010
0:0:0:0:0:0:0:1 - - [10/Jul/2017:20:56:38 -0400] "GET /add HTTP/1.1" 404 1000
0:0:0:0:0:0:0:1 - - [10/Jul/2017:20:56:42 -0400] "GET /ad HTTP/1.1" 302 -
0:0:0:0:0:0:0:1 - - [10/Jul/2017:20:56:42 -0400] "GET /ad/ HTTP/1.1" 404 1010
127.0.0.1 - - [10/Jul/2017:20:58:09 -0400] "GET / HTTP/1.1" 404 994
0:0:0:0:0:0:0:1 - - [10/Jul/2017:20:58:10 -0400] "GET /ad/add HTTP/1.1" 404 1010
0:0:0:0:0:0:0:1 - - [10/Jul/2017:20:58:11 -0400] "GET /ad/add HTTP/1.1" 404 1010
127.0.0.1 - - [10/Jul/2017:20:58:29 -0400] "GET / HTTP/1.1" 404 994
0:0:0:0:0:0:0:1 - - [10/Jul/2017:20:58:30 -0400] "GET /ad/add HTTP/1.1" 200 17
0:0:0:0:0:0:0:1 - - [10/Jul/2017:20:58:33 -0400] "GET /ad/addd HTTP/1.1" 404 1010
0:0:0:0:0:0:0:1 - - [10/Jul/2017:20:58:37 -0400] "GET /ad/add HTTP/1.1" 200 17
127.0.0.1 - - [10/Jul/2017:21:06:33 -0400] "GET / HTTP/1.1" 404 994
0:0:0:0:0:0:0:1 - - [10/Jul/2017:21:06:40 -0400] "GET /ad/ HTTP/1.1" 404 1010
0:0:0:0:0:0:0:1 - - [10/Jul/2017:21:06:42 -0400] "GET /add HTTP/1.1" 404 1000
0:0:0:0:0:0:0:1 - - [10/Jul/2017:21:06:45 -0400] "GET / HTTP/1.1" 404 994
127.0.0.1 - - [10/Jul/2017:21:07:51 -0400] "GET / HTTP/1.1" 404 994
127.0.0.1 - - [10/Jul/2017:21:09:27 -0400] "GET / HTTP/1.1" 404 994
0:0:0:0:0:0:0:1 - - [10/Jul/2017:21:09:32 -0400] "GET / HTTP/1.1" 404 994
0:0:0:0:0:0:0:1 - - [10/Jul/2017:21:09:34 -0400] "GET /ad HTTP/1.1" 302 -
0:0:0:0:0:0:0:1 - - [10/Jul/2017:21:09:35 -0400] "GET /ad/ HTTP/1.1" 404 1010
0:0:0:0:0:0:0:1 - - [10/Jul/2017:21:09:37 -0400] "GET /add HTTP/1.1" 404 1000
127.0.0.1 - - [10/Jul/2017:21:10:34 -0400] "GET / HTTP/1.1" 404 994
0:0:0:0:0:0:0:1 - - [10/Jul/2017:21:10:35 -0400] "GET /add HTTP/1.1" 404 1000
0:0:0:0:0:0:0:1 - - [10/Jul/2017:21:10:38 -0400] "GET /ad HTTP/1.1" 302 -
0:0:0:0:0:0:0:1 - - [10/Jul/2017:21:10:38 -0400] "GET /ad/ HTTP/1.1" 404 1010
0:0:0:0:0:0:0:1 - - [10/Jul/2017:21:10:41 -0400] "GET / HTTP/1.1" 404 994
127.0.0.1 - - [10/Jul/2017:21:10:49 -0400] "GET / HTTP/1.1" 404 994
0:0:0:0:0:0:0:1 - - [10/Jul/2017:21:10:51 -0400] "GET / HTTP/1.1" 404 994
0:0:0:0:0:0:0:1 - - [10/Jul/2017:21:10:51 -0400] "GET / HTTP/1.1" 404 994
0:0:0:0:0:0:0:1 - - [10/Jul/2017:21:10:53 -0400] "GET /ad HTTP/1.1" 302 -
0:0:0:0:0:0:0:1 - - [10/Jul/2017:21:10:53 -0400] "GET /ad/ HTTP/1.1" 200 133
0:0:0:0:0:0:0:1 - - [10/Jul/2017:21:10:58 -0400] "GET /ad HTTP/1.1" 302 -
0:0:0:0:0:0:0:1 - - [10/Jul/2017:21:10:58 -0400] "GET /ad/ HTTP/1.1" 200 133
0:0:0:0:0:0:0:1 - - [10/Jul/2017:21:11:00 -0400] "GET /add HTTP/1.1" 404 1000
0:0:0:0:0:0:0:1 - - [10/Jul/2017:21:11:46 -0400] "GET / HTTP/1.1" 404 994
0:0:0:0:0:0:0:1 - - [10/Jul/2017:21:11:51 -0400] "GET //add HTTP/1.1" 404 1002
0:0:0:0:0:0:0:1 - - [10/Jul/2017:21:12:03 -0400] "GET / HTTP/1.1" 404 994
127.0.0.1 - - [10/Jul/2017:21:12:03 -0400] "GET / HTTP/1.1" 404 994
0:0:0:0:0:0:0:1 - - [10/Jul/2017:21:12:05 -0400] "GET /add HTTP/1.1" 404 1000
0:0:0:0:0:0:0:1 - - [10/Jul/2017:21:12:07 -0400] "GET /ad HTTP/1.1" 404 1010
0:0:0:0:0:0:0:1 - - [10/Jul/2017:21:12:11 -0400] "GET /ad/add HTTP/1.1" 200 17
127.0.0.1 - - [10/Jul/2017:21:13:00 -0400] "GET / HTTP/1.1" 404 994
0:0:0:0:0:0:0:1 - - [10/Jul/2017:21:13:00 -0400] "GET /ad/add HTTP/1.1" 404 1010
0:0:0:0:0:0:0:1 - - [10/Jul/2017:21:13:03 -0400] "GET /ad HTTP/1.1" 302 -
0:0:0:0:0:0:0:1 - - [10/Jul/2017:21:13:04 -0400] "GET /ad/ HTTP/1.1" 200 133
0:0:0:0:0:0:0:1 - - [10/Jul/2017:21:13:06 -0400] "GET /add HTTP/1.1" 404 1000
0:0:0:0:0:0:0:1 - - [10/Jul/2017:21:13:35 -0400] "GET /ad HTTP/1.1" 302 -
0:0:0:0:0:0:0:1 - - [10/Jul/2017:21:13:35 -0400] "GET /ad/ HTTP/1.1" 200 133
0:0:0:0:0:0:0:1 - - [10/Jul/2017:21:13:40 -0400] "GET /add HTTP/1.1" 404 1000
127.0.0.1 - - [10/Jul/2017:21:13:56 -0400] "GET / HTTP/1.1" 404 994
0:0:0:0:0:0:0:1 - - [10/Jul/2017:21:13:59 -0400] "GET /add HTTP/1.1" 404 1000
0:0:0:0:0:0:0:1 - - [10/Jul/2017:21:14:00 -0400] "GET /add HTTP/1.1" 404 1000
0:0:0:0:0:0:0:1 - - [10/Jul/2017:21:14:05 -0400] "GET /ad HTTP/1.1" 302 -
0:0:0:0:0:0:0:1 - - [10/Jul/2017:21:14:05 -0400] "GET /ad/ HTTP/1.1" 200 133
0:0:0:0:0:0:0:1 - - [10/Jul/2017:21:14:07 -0400] "GET /ad/add HTTP/1.1" 404 1010
0:0:0:0:0:0:0:1 - - [10/Jul/2017:21:14:09 -0400] "GET /ad/add/ HTTP/1.1" 404 1010
0:0:0:0:0:0:0:1 - - [10/Jul/2017:21:14:11 -0400] "GET /ad/add/add HTTP/1.1" 200 17
127.0.0.1 - - [10/Jul/2017:21:14:39 -0400] "GET / HTTP/1.1" 404 994
0:0:0:0:0:0:0:1 - - [10/Jul/2017:21:14:39 -0400] "GET /ad/add/add HTTP/1.1" 404 1014
0:0:0:0:0:0:0:1 - - [10/Jul/2017:21:14:41 -0400] "GET /ad/add/ HTTP/1.1" 404 1010
0:0:0:0:0:0:0:1 - - [10/Jul/2017:21:14:42 -0400] "GET /ad/add HTTP/1.1" 404 1006
0:0:0:0:0:0:0:1 - - [10/Jul/2017:21:14:44 -0400] "GET /ad/add/ HTTP/1.1" 404 1010
0:0:0:0:0:0:0:1 - - [10/Jul/2017:21:15:26 -0400] "GET /ad/add/ HTTP/1.1" 404 1010
0:0:0:0:0:0:0:1 - - [10/Jul/2017:21:15:30 -0400] "GET /add/ HTTP/1.1" 404 1002
0:0:0:0:0:0:0:1 - - [10/Jul/2017:21:15:54 -0400] "GET /ad HTTP/1.1" 302 -
0:0:0:0:0:0:0:1 - - [10/Jul/2017:21:15:54 -0400] "GET /ad/ HTTP/1.1" 200 133
0:0:0:0:0:0:0:1 - - [10/Jul/2017:21:15:55 -0400] "GET /ad/ HTTP/1.1" 200 133
0:0:0:0:0:0:0:1 - - [10/Jul/2017:21:15:58 -0400] "GET / HTTP/1.1" 404 994
127.0.0.1 - - [10/Jul/2017:21:17:03 -0400] "GET / HTTP/1.1" 404 994
0:0:0:0:0:0:0:1 - - [10/Jul/2017:21:17:05 -0400] "GET /ad/add HTTP/1.1" 200 17
127.0.0.1 - - [10/Jul/2017:21:17:26 -0400] "GET / HTTP/1.1" 404 994
0:0:0:0:0:0:0:1 - - [10/Jul/2017:21:17:28 -0400] "GET /ad/add HTTP/1.1" 200 17
127.0.0.1 - - [10/Jul/2017:21:18:04 -0400] "GET / HTTP/1.1" 404 994
0:0:0:0:0:0:0:1 - - [10/Jul/2017:21:18:06 -0400] "GET / HTTP/1.1" 404 994
0:0:0:0:0:0:0:1 - - [10/Jul/2017:21:18:20 -0400] "GET / HTTP/1.1" 404 994
0:0:0:0:0:0:0:1 - - [10/Jul/2017:21:18:22 -0400] "GET /add HTTP/1.1" 404 1000
0:0:0:0:0:0:0:1 - - [10/Jul/2017:21:18:34 -0400] "GET /add HTTP/1.1" 404 1000
0:0:0:0:0:0:0:1 - - [10/Jul/2017:21:18:44 -0400] "GET /ad HTTP/1.1" 302 -
0:0:0:0:0:0:0:1 - - [10/Jul/2017:21:18:44 -0400] "GET /ad/ HTTP/1.1" 404 1010
127.0.0.1 - - [10/Jul/2017:21:18:58 -0400] "GET / HTTP/1.1" 404 994
0:0:0:0:0:0:0:1 - - [10/Jul/2017:21:19:00 -0400] "GET /add HTTP/1.1" 404 1000
0:0:0:0:0:0:0:1 - - [10/Jul/2017:21:19:02 -0400] "GET /ad HTTP/1.1" 302 -
0:0:0:0:0:0:0:1 - - [10/Jul/2017:21:19:03 -0400] "GET /ad/ HTTP/1.1" 404 1010
0:0:0:0:0:0:0:1 - - [10/Jul/2017:21:19:04 -0400] "GET / HTTP/1.1" 404 994
127.0.0.1 - - [10/Jul/2017:21:19:48 -0400] "GET / HTTP/1.1" 404 994
0:0:0:0:0:0:0:1 - - [10/Jul/2017:21:19:53 -0400] "GET / HTTP/1.1" 404 994
0:0:0:0:0:0:0:1 - - [10/Jul/2017:21:19:57 -0400] "GET /add HTTP/1.1" 404 1000
127.0.0.1 - - [10/Jul/2017:21:25:23 -0400] "GET / HTTP/1.1" 404 994
0:0:0:0:0:0:0:1 - - [10/Jul/2017:21:25:27 -0400] "GET /add HTTP/1.1" 404 1000
0:0:0:0:0:0:0:1 - - [10/Jul/2017:21:25:33 -0400] "GET /main HTTP/1.1" 404 1002
0:0:0:0:0:0:0:1 - - [10/Jul/2017:21:25:38 -0400] "GET / HTTP/1.1" 404 994
0:0:0:0:0:0:0:1 - - [10/Jul/2017:21:25:45 -0400] "GET /index.jsp HTTP/1.1" 404 1012
0:0:0:0:0:0:0:1 - - [10/Jul/2017:21:25:56 -0400] "GET /ad HTTP/1.1" 302 -
0:0:0:0:0:0:0:1 - - [10/Jul/2017:21:25:56 -0400] "GET /ad/ HTTP/1.1" 200 135
0:0:0:0:0:0:0:1 - - [10/Jul/2017:21:26:03 -0400] "GET /ad/main HTTP/1.1" 404 1010
0:0:0:0:0:0:0:1 - - [10/Jul/2017:21:26:10 -0400] "GET /ad/main/add HTTP/1.1" 404 1016
0:0:0:0:0:0:0:1 - - [10/Jul/2017:21:26:11 -0400] "GET /ad/main/add HTTP/1.1" 404 1016
0:0:0:0:0:0:0:1 - - [10/Jul/2017:21:26:14 -0400] "GET /ad/add HTTP/1.1" 404 1006
0:0:0:0:0:0:0:1 - - [10/Jul/2017:21:26:15 -0400] "GET /ad/ad HTTP/1.1" 404 1004
0:0:0:0:0:0:0:1 - - [10/Jul/2017:21:26:17 -0400] "GET /ad HTTP/1.1" 302 -
0:0:0:0:0:0:0:1 - - [10/Jul/2017:21:26:17 -0400] "GET /ad/ HTTP/1.1" 200 135
127.0.0.1 - - [10/Jul/2017:21:26:55 -0400] "GET / HTTP/1.1" 404 994
0:0:0:0:0:0:0:1 - - [10/Jul/2017:21:26:57 -0400] "GET /ad HTTP/1.1" 302 -
0:0:0:0:0:0:0:1 - - [10/Jul/2017:21:26:57 -0400] "GET /ad/ HTTP/1.1" 404 1010
0:0:0:0:0:0:0:1 - - [10/Jul/2017:21:26:59 -0400] "GET /add HTTP/1.1" 404 1000
0:0:0:0:0:0:0:1 - - [10/Jul/2017:21:27:02 -0400] "GET / HTTP/1.1" 404 994
0:0:0:0:0:0:0:1 - - [10/Jul/2017:21:41:11 -0400] "GET / HTTP/1.1" 404 994
127.0.0.1 - - [10/Jul/2017:21:41:49 -0400] "GET / HTTP/1.1" 404 994
0:0:0:0:0:0:0:1 - - [10/Jul/2017:21:41:51 -0400] "GET /ad/ad HTTP/1.1" 404 1010
0:0:0:0:0:0:0:1 - - [10/Jul/2017:21:41:54 -0400] "GET /ad/ad HTTP/1.1" 404 1010
0:0:0:0:0:0:0:1 - - [10/Jul/2017:21:42:17 -0400] "GET /ad HTTP/1.1" 302 -
0:0:0:0:0:0:0:1 - - [10/Jul/2017:21:42:17 -0400] "GET /ad/ HTTP/1.1" 200 135
127.0.0.1 - - [10/Jul/2017:21:42:23 -0400] "GET / HTTP/1.1" 404 994
0:0:0:0:0:0:0:1 - - [10/Jul/2017:21:42:25 -0400] "GET /ad HTTP/1.1" 302 -
0:0:0:0:0:0:0:1 - - [10/Jul/2017:21:42:25 -0400] "GET /ad/ HTTP/1.1" 200 135
0:0:0:0:0:0:0:1 - - [10/Jul/2017:21:42:27 -0400] "GET /ad/ad HTTP/1.1" 404 1004
0:0:0:0:0:0:0:1 - - [10/Jul/2017:21:42:29 -0400] "GET /ad/ad/ad HTTP/1.1" 404 1010
127.0.0.1 - - [10/Jul/2017:21:43:25 -0400] "GET / HTTP/1.1" 404 994
0:0:0:0:0:0:0:1 - - [10/Jul/2017:21:43:25 -0400] "GET /ad/ad HTTP/1.1" 200 17
127.0.0.1 - - [10/Jul/2017:21:52:02 -0400] "GET / HTTP/1.1" 404 994
0:0:0:0:0:0:0:1 - - [10/Jul/2017:21:52:02 -0400] "GET /ad/ad HTTP/1.1" 500 1082
0:0:0:0:0:0:0:1 - - [10/Jul/2017:21:52:04 -0400] "GET /ad/ad HTTP/1.1" 500 1082
0:0:0:0:0:0:0:1 - - [10/Jul/2017:21:52:11 -0400] "GET /ad/ad HTTP/1.1" 500 1082
127.0.0.1 - - [10/Jul/2017:21:52:40 -0400] "GET / HTTP/1.1" 404 994
0:0:0:0:0:0:0:1 - - [10/Jul/2017:21:52:40 -0400] "GET /ad/ad HTTP/1.1" 500 1082
127.0.0.1 - - [10/Jul/2017:21:52:58 -0400] "GET / HTTP/1.1" 404 994
0:0:0:0:0:0:0:1 - - [10/Jul/2017:21:52:59 -0400] "GET /ad/ad HTTP/1.1" 500 1082
127.0.0.1 - - [10/Jul/2017:21:55:04 -0400] "GET / HTTP/1.1" 404 994
0:0:0:0:0:0:0:1 - - [10/Jul/2017:21:55:07 -0400] "GET /ad/ad HTTP/1.1" 500 1082
0:0:0:0:0:0:0:1 - - [10/Jul/2017:21:55:10 -0400] "GET /ad/ad HTTP/1.1" 500 1082
127.0.0.1 - - [10/Jul/2017:21:58:20 -0400] "GET / HTTP/1.1" 404 994
0:0:0:0:0:0:0:1 - - [10/Jul/2017:21:58:23 -0400] "GET /ad/ad HTTP/1.1" 200 253
127.0.0.1 - - [10/Jul/2017:23:00:17 -0400] "GET / HTTP/1.1" 404 994
0:0:0:0:0:0:0:1 - - [10/Jul/2017:23:00:34 -0400] "GET /ad/ad HTTP/1.1" 500 4570
127.0.0.1 - - [10/Jul/2017:23:17:03 -0400] "GET / HTTP/1.1" 404 994
0:0:0:0:0:0:0:1 - - [10/Jul/2017:23:17:08 -0400] "GET /ad/ad HTTP/1.1" 500 4570
127.0.0.1 - - [10/Jul/2017:23:37:35 -0400] "GET / HTTP/1.1" 404 994
0:0:0:0:0:0:0:1 - - [10/Jul/2017:23:37:37 -0400] "GET /ad/ad HTTP/1.1" 500 6242
0:0:0:0:0:0:0:1 - - [10/Jul/2017:23:37:39 -0400] "GET /ad/ad HTTP/1.1" 500 6242
127.0.0.1 - - [10/Jul/2017:23:38:20 -0400] "GET / HTTP/1.1" 404 994
0:0:0:0:0:0:0:1 - - [10/Jul/2017:23:38:22 -0400] "GET /ad/ad HTTP/1.1" 500 1082
127.0.0.1 - - [10/Jul/2017:23:41:59 -0400] "GET / HTTP/1.1" 404 994
0:0:0:0:0:0:0:1 - - [10/Jul/2017:23:42:03 -0400] "GET /ad/ad HTTP/1.1" 200 66
127.0.0.1 - - [10/Jul/2017:23:46:45 -0400] "GET / HTTP/1.1" 404 994
0:0:0:0:0:0:0:1 - - [10/Jul/2017:23:46:50 -0400] "GET /ad/ad HTTP/1.1" 200 167
127.0.0.1 - - [10/Jul/2017:23:50:44 -0400] "GET / HTTP/1.1" 404 994
0:0:0:0:0:0:0:1 - - [10/Jul/2017:23:50:45 -0400] "GET /ad/ad HTTP/1.1" 200 167
0:0:0:0:0:0:0:1 - - [10/Jul/2017:23:50:49 -0400] "GET /ad/ad HTTP/1.1" 200 472
0:0:0:0:0:0:0:1 - - [10/Jul/2017:23:50:59 -0400] "GET /ad/ad HTTP/1.1" 200 777
127.0.0.1 - - [10/Jul/2017:23:51:08 -0400] "GET / HTTP/1.1" 404 994
0:0:0:0:0:0:0:1 - - [10/Jul/2017:23:51:12 -0400] "GET /ad/ad HTTP/1.1" 200 167
0:0:0:0:0:0:0:1 - - [10/Jul/2017:23:51:26 -0400] "GET /ad/ad HTTP/1.1" 200 472
127.0.0.1 - - [10/Jul/2017:23:52:02 -0400] "GET / HTTP/1.1" 404 994
0:0:0:0:0:0:0:1 - - [10/Jul/2017:23:53:46 -0400] "GET /ad/ad HTTP/1.1" 200 167
127.0.0.1 - - [10/Jul/2017:23:54:01 -0400] "GET / HTTP/1.1" 404 994
0:0:0:0:0:0:0:1 - - [10/Jul/2017:23:54:03 -0400] "GET /ad/ad HTTP/1.1" 200 167
0:0:0:0:0:0:0:1 - - [10/Jul/2017:23:54:06 -0400] "GET /ad/ad HTTP/1.1" 200 472
127.0.0.1 - - [10/Jul/2017:23:54:28 -0400] "GET / HTTP/1.1" 404 994
0:0:0:0:0:0:0:1 - - [10/Jul/2017:23:57:02 -0400] "GET /ad/ad HTTP/1.1" 500 2254
127.0.0.1 - - [10/Jul/2017:23:59:29 -0400] "GET / HTTP/1.1" 404 994
0:0:0:0:0:0:0:1 - - [10/Jul/2017:23:59:32 -0400] "GET /ad/ad HTTP/1.1" 200 371
